// Jest Snapshot v1, https://goo.gl/fbAQLP

exports[`Gov Banner Component matches snapshot 1`] = `
<DocumentFragment>
  <div
    class="css-30gezn"
  >
    <div
      class="GovBanner-root"
    >
      <div
        class="GovBanner-inner"
      >
        <img
          alt="usa flag"
          class="GovBanner-flag"
          src="us_flag_small.png"
        />
        <div
          class="GovBanner-textWrap"
        >
          <div
            class="GovBanner-text"
          >
            An official website of the United States government
          </div>
          <button
            class="GovBanner-text GovBanner-btn GovBanner-btnExpand"
          >
            Here's how you know 
            <svg
              aria-hidden="true"
              class="MuiSvgIcon-root MuiSvgIcon-fontSizeSmall css-120dh41-MuiSvgIcon-root"
              data-testid="ExpandMoreIcon"
              focusable="false"
              viewBox="0 0 24 24"
            >
              <path
                d="M16.59 8.59 12 13.17 7.41 8.59 6 10l6 6 6-6z"
              />
            </svg>
          </button>
          <div
            class="MuiBox-root css-1iuj5ih"
          >
            <button
              aria-label="Skip to main content"
              class="MuiButtonBase-root MuiButton-root MuiButton-text MuiButton-textPrimary MuiButton-sizeMedium MuiButton-textSizeMedium MuiButton-colorPrimary MuiButton-root MuiButton-text MuiButton-textPrimary MuiButton-sizeMedium MuiButton-textSizeMedium MuiButton-colorPrimary css-1g3ko6g-MuiButtonBase-root-MuiButton-root"
              tabindex="0"
              type="button"
            >
              Skip to main content
            </button>
          </div>
        </div>
      </div>
    </div>
  </div>
</DocumentFragment>
`;
