// Jest Snapshot v1, https://goo.gl/fbAQLP

exports[`Layout component matches snapshot 1`] = `
<DocumentFragment>
  <div
    style="display: flex; flex-direction: row; height: 100vh;"
  >
    <main
      class="css-p5oo7q"
    >
      <div>
        GOV_BANNER
      </div>
      <div>
        HEADER
      </div>
      <div
        class="main-content"
        id="main-content"
        tabindex="-1"
      />
    </main>
  </div>
</DocumentFragment>
`;
