// Vitest Snapshot v1, https://vitest.dev/guide/snapshot.html

exports[`Layout component > matches snapshot 1`] = `
<DocumentFragment>
  <div
    class="MuiBox-root css-yuxl5"
  >
    <div>
      GOV_BANNER
    </div>
    <div
      class="MuiBox-root css-dfy4bm"
    >
      <div
        class="MuiBox-root css-1c00z4o"
      >
        <div
          class="MuiPaper-root MuiPaper-elevation MuiPaper-rounded MuiPaper-elevation0 MuiAlert-root MuiAlert-colorInfo MuiAlert-standardInfo MuiAlert-standard css-172si4r-MuiPaper-root-MuiAlert-root"
          role="alert"
          style="--Paper-shadow: none;"
        >
          <div
            class="MuiAlert-icon css-vab54s-MuiAlert-icon"
          >
            <svg
              aria-hidden="true"
              class="MuiSvgIcon-root MuiSvgIcon-fontSizeInherit css-1ckov0h-MuiSvgIcon-root"
              data-testid="InfoOutlinedIcon"
              focusable="false"
              viewBox="0 0 24 24"
            >
              <path
                d="M11,9H13V7H11M12,20C7.59,20 4,16.41 4,12C4,7.59 7.59,4 12,4C16.41,4 20,7.59 20, 12C20,16.41 16.41,20 12,20M12,2A10,10 0 0,0 2,12A10,10 0 0,0 12,22A10,10 0 0,0 22,12A10, 10 0 0,0 12,2M11,17H13V11H11V17Z"
              />
            </svg>
          </div>
          <div
            class="MuiAlert-message css-zioonp-MuiAlert-message"
          >
            <div
              class="MuiTypography-root MuiTypography-largeBody MuiTypography-gutterBottom MuiAlertTitle-root css-16l1za6-MuiTypography-root-MuiAlertTitle-root"
            >
              CyHy Dashboard - Beta (Early Access)
            </div>
            <p
              class="MuiTypography-root MuiTypography-body1 css-l19xdt-MuiTypography-root"
            >
              You are using an early release version of the CyHy Dashboard. This site is fully functional, but some features are still being improved and refined. Your feedback during this stage directly shapes improvements. Please go to the Support menu to share feedback, report bugs, or submit questions so we can enhance the dashboard to better meet your needs.
            </p>
          </div>
          <div
            class="MuiAlert-action css-rgppqo-MuiAlert-action"
          >
            <button
              aria-label="Close"
              class="MuiButtonBase-root MuiIconButton-root MuiIconButton-colorInherit MuiIconButton-sizeSmall css-11jejgn-MuiButtonBase-root-MuiIconButton-root"
              tabindex="0"
              title="Close"
              type="button"
            >
              <svg
                aria-hidden="true"
                class="MuiSvgIcon-root MuiSvgIcon-fontSizeSmall css-120dh41-MuiSvgIcon-root"
                data-testid="CloseIcon"
                focusable="false"
                viewBox="0 0 24 24"
              >
                <path
                  d="M19 6.41L17.59 5 12 10.59 6.41 5 5 6.41 10.59 12 5 17.59 6.41 19 12 13.41 17.59 19 19 17.59 13.41 12z"
                />
              </svg>
            </button>
          </div>
        </div>
      </div>
    </div>
    <div>
      HEADER
    </div>
    <header
      class="MuiPaper-root MuiPaper-elevation MuiPaper-elevation0 MuiAppBar-root MuiAppBar-colorPrimary MuiAppBar-positionSticky css-1duqi3m-MuiPaper-root-MuiAppBar-root"
      style="--Paper-shadow: none;"
    >
      <div
        class="MuiToolbar-root MuiToolbar-regular css-78voab-MuiToolbar-root"
      >
        <button
          class="MuiButtonBase-root MuiButton-root MuiButton-primaryContained MuiButton-primaryContainedPrimary MuiButton-sizeMedium MuiButton-primaryContainedSizeMedium MuiButton-colorPrimary MuiButton-root MuiButton-primaryContained MuiButton-primaryContainedPrimary MuiButton-sizeMedium MuiButton-primaryContainedSizeMedium MuiButton-colorPrimary css-1vd37re-MuiButtonBase-root-MuiButton-root"
          tabindex="0"
          type="button"
        >
          <span
            class="MuiButton-icon MuiButton-startIcon MuiButton-iconSizeMedium css-1sh91j5-MuiButton-startIcon"
          >
            <svg
              aria-hidden="true"
              class="MuiSvgIcon-root MuiSvgIcon-fontSizeMedium css-1umw9bq-MuiSvgIcon-root"
              data-testid="FilterAltIcon"
              focusable="false"
              viewBox="0 0 24 24"
            >
              <path
                d="M4.25 5.61C6.27 8.2 10 13 10 13v6c0 .55.45 1 1 1h2c.55 0 1-.45 1-1v-6s3.72-4.8 5.74-7.39c.51-.66.04-1.61-.79-1.61H5.04c-.83 0-1.3.95-.79 1.61"
              />
            </svg>
          </span>
          Filter
        </button>
      </div>
    </header>
  </div>
  <main
    class="css-170g0n7"
  >
    <div
      class="MuiDrawer-root MuiDrawer-anchorLeft MuiDrawer-docked css-zdu6sp-MuiDrawer-docked"
    >
      <div
        class="MuiPaper-root MuiPaper-elevation MuiPaper-elevation0 MuiDrawer-paper MuiDrawer-paperAnchorLeft MuiDrawer-paperAnchorDockedLeft css-1lwhjos-MuiPaper-root-MuiDrawer-paper"
        style="--Paper-shadow: none; visibility: hidden; -webkit-transform: translateX(-0px); transform: translateX(-0px);"
      >
        <div
          class="MuiStack-root css-ioj9fa-MuiStack-root"
        >
          <div
            class="MuiBox-root css-0"
            role="presentation"
          >
            <div
              class="MuiStack-root css-xttitw-MuiStack-root"
            >
              <h3
                class="MuiTypography-root MuiTypography-h3 css-wariq0-MuiTypography-root"
              >
                Filter
              </h3>
              <button
                aria-label="close-filter-drawer"
                class="MuiButtonBase-root MuiIconButton-root MuiIconButton-sizeMedium css-40ya9y-MuiButtonBase-root-MuiIconButton-root"
                tabindex="0"
                type="button"
              >
                <svg
                  aria-hidden="true"
                  class="MuiSvgIcon-root MuiSvgIcon-fontSizeMedium css-1umw9bq-MuiSvgIcon-root"
                  data-testid="CloseIcon"
                  focusable="false"
                  viewBox="0 0 24 24"
                >
                  <path
                    d="M19 6.41 17.59 5 12 10.59 6.41 5 5 6.41 10.59 12 5 17.59 6.41 19 12 13.41 17.59 19 19 17.59 13.41 12z"
                  />
                </svg>
              </button>
            </div>
            <div
              class="MuiBox-root css-19midj6"
            >
              <div
                class="MuiAutocomplete-root MuiAutocomplete-hasPopupIcon css-1tlcqt-MuiAutocomplete-root"
              >
                <div
                  class="MuiFormControl-root MuiFormControl-fullWidth MuiTextField-root css-cmpglg-MuiFormControl-root-MuiTextField-root"
                >
                  <label
                    class="MuiFormLabel-root MuiInputLabel-root MuiInputLabel-formControl MuiInputLabel-animated MuiInputLabel-shrink MuiInputLabel-outlined MuiFormLabel-colorPrimary Mui-disabled MuiFormLabel-filled MuiInputLabel-root MuiInputLabel-formControl MuiInputLabel-animated MuiInputLabel-shrink MuiInputLabel-outlined css-n7ilwy-MuiFormLabel-root-MuiInputLabel-root"
                    data-shrink="true"
                    for=":r5:"
                    id=":r5:-label"
                  >
                    Region
                  </label>
                  <div
                    class="MuiInputBase-root MuiOutlinedInput-root MuiInputBase-colorPrimary Mui-disabled MuiInputBase-fullWidth MuiInputBase-formControl MuiInputBase-adornedEnd MuiAutocomplete-inputRoot css-112gndx-MuiInputBase-root-MuiOutlinedInput-root"
                  >
                    <input
                      aria-autocomplete="list"
                      aria-expanded="false"
                      aria-invalid="false"
                      autocapitalize="none"
                      autocomplete="off"
                      class="MuiInputBase-input MuiOutlinedInput-input Mui-disabled MuiInputBase-inputAdornedEnd MuiAutocomplete-input MuiAutocomplete-inputFocused css-1dune0f-MuiInputBase-input-MuiOutlinedInput-input"
                      disabled=""
                      id=":r5:"
                      placeholder=""
                      role="combobox"
                      spellcheck="false"
                      type="text"
                      value="Region 1234"
                    />
                    <div
                      class="MuiAutocomplete-endAdornment css-1uhhrmm-MuiAutocomplete-endAdornment"
                    >
                      <button
                        aria-label="Open"
                        class="MuiButtonBase-root Mui-disabled MuiIconButton-root Mui-disabled MuiIconButton-sizeMedium MuiAutocomplete-popupIndicator css-synw37-MuiButtonBase-root-MuiIconButton-root-MuiAutocomplete-popupIndicator"
                        disabled=""
                        tabindex="-1"
                        title="Open"
                        type="button"
                      >
                        <svg
                          aria-hidden="true"
                          class="MuiSvgIcon-root MuiSvgIcon-fontSizeMedium css-1umw9bq-MuiSvgIcon-root"
                          data-testid="ArrowDropDownIcon"
                          focusable="false"
                          viewBox="0 0 24 24"
                        >
                          <path
                            d="M7 10l5 5 5-5z"
                          />
                        </svg>
                      </button>
                    </div>
                    <fieldset
                      aria-hidden="true"
                      class="MuiOutlinedInput-notchedOutline css-18p5xg2-MuiNotchedOutlined-root-MuiOutlinedInput-notchedOutline"
                    >
                      <legend
                        class="css-ex8a5f-MuiNotchedOutlined-root"
                      >
                        <span>
                          Region
                        </span>
                      </legend>
                    </fieldset>
                  </div>
                </div>
              </div>
            </div>
            <div
              class="MuiBox-root css-19midj6"
            >
              <div
                class="MuiAutocomplete-root MuiAutocomplete-hasPopupIcon css-1tlcqt-MuiAutocomplete-root"
              >
                <div
                  class="MuiFormControl-root MuiFormControl-fullWidth MuiTextField-root css-cmpglg-MuiFormControl-root-MuiTextField-root"
                >
                  <label
                    class="MuiFormLabel-root MuiInputLabel-root MuiInputLabel-formControl MuiInputLabel-animated MuiInputLabel-outlined MuiFormLabel-colorPrimary Mui-disabled MuiInputLabel-root MuiInputLabel-formControl MuiInputLabel-animated MuiInputLabel-outlined css-8b3bn2-MuiFormLabel-root-MuiInputLabel-root"
                    data-shrink="false"
                    for=":r8:"
                    id=":r8:-label"
                  >
                    Organization
                  </label>
                  <div
                    class="MuiInputBase-root MuiOutlinedInput-root MuiInputBase-colorPrimary Mui-disabled MuiInputBase-fullWidth MuiInputBase-formControl MuiInputBase-adornedEnd MuiAutocomplete-inputRoot css-112gndx-MuiInputBase-root-MuiOutlinedInput-root"
                  >
                    <input
                      aria-autocomplete="list"
                      aria-expanded="false"
                      aria-invalid="false"
                      autocapitalize="none"
                      autocomplete="off"
                      class="MuiInputBase-input MuiOutlinedInput-input Mui-disabled MuiInputBase-inputAdornedEnd MuiAutocomplete-input MuiAutocomplete-inputFocused css-1dune0f-MuiInputBase-input-MuiOutlinedInput-input"
                      disabled=""
                      id=":r8:"
                      placeholder="Search Organizations"
                      role="combobox"
                      spellcheck="false"
                      type="text"
                      value=""
                    />
                    <div
                      class="MuiAutocomplete-endAdornment css-1uhhrmm-MuiAutocomplete-endAdornment"
                    >
                      <button
                        aria-label="Open"
                        class="MuiButtonBase-root Mui-disabled MuiIconButton-root Mui-disabled MuiIconButton-sizeMedium MuiAutocomplete-popupIndicator css-synw37-MuiButtonBase-root-MuiIconButton-root-MuiAutocomplete-popupIndicator"
                        disabled=""
                        tabindex="-1"
                        title="Open"
                        type="button"
                      >
                        <svg
                          aria-hidden="true"
                          class="MuiSvgIcon-root MuiSvgIcon-fontSizeMedium css-1umw9bq-MuiSvgIcon-root"
                          data-testid="ArrowDropDownIcon"
                          focusable="false"
                          viewBox="0 0 24 24"
                        >
                          <path
                            d="M7 10l5 5 5-5z"
                          />
                        </svg>
                      </button>
                    </div>
                    <fieldset
                      aria-hidden="true"
                      class="MuiOutlinedInput-notchedOutline css-18p5xg2-MuiNotchedOutlined-root-MuiOutlinedInput-notchedOutline"
                    >
                      <legend
                        class="css-1n64csd-MuiNotchedOutlined-root"
                      >
                        <span>
                          Organization
                        </span>
                      </legend>
                    </fieldset>
                  </div>
                </div>
              </div>
            </div>
          </div>
        </div>
      </div>
    </div>
  </main>
</DocumentFragment>
`;
