// Jest Snapshot v1, https://goo.gl/fbAQLP

exports[`Layout component matches snapshot 1`] = `
<DocumentFragment>
  <main
    class="css-o3tih"
  >
    <div
      style="display: flex;"
    >
      <div>
        GOV_BANNER
      </div>
    </div>
    <div>
      HEADER
    </div>
    <header
      class="MuiPaper-root MuiPaper-elevation MuiPaper-elevation0 MuiAppBar-root MuiAppBar-colorPrimary MuiAppBar-positionSticky css-1duqi3m-MuiPaper-root-MuiAppBar-root"
      style="--Paper-shadow: none;"
    >
      <div
        class="MuiToolbar-root MuiToolbar-regular css-78voab-MuiToolbar-root"
      >
        <button
          class="MuiButtonBase-root MuiButton-root MuiButton-primaryContained MuiButton-primaryContainedPrimary MuiButton-sizeMedium MuiButton-primaryContainedSizeMedium MuiButton-colorPrimary MuiButton-root MuiButton-primaryContained MuiButton-primaryContainedPrimary MuiButton-sizeMedium MuiButton-primaryContainedSizeMedium MuiButton-colorPrimary css-1vd37re-MuiButtonBase-root-MuiButton-root"
          tabindex="0"
          type="button"
        >
          <span
            class="MuiButton-icon MuiButton-startIcon MuiButton-iconSizeMedium css-1sh91j5-MuiButton-startIcon"
          >
            <svg
              aria-hidden="true"
              class="MuiSvgIcon-root MuiSvgIcon-fontSizeMedium css-1umw9bq-MuiSvgIcon-root"
              data-testid="FilterAltIcon"
              focusable="false"
              viewBox="0 0 24 24"
            >
              <path
                d="M4.25 5.61C6.27 8.2 10 13 10 13v6c0 .55.45 1 1 1h2c.55 0 1-.45 1-1v-6s3.72-4.8 5.74-7.39c.51-.66.04-1.61-.79-1.61H5.04c-.83 0-1.3.95-.79 1.61"
              />
            </svg>
          </span>
          Filter
        </button>
      </div>
    </header>
    <div
      class="MuiDrawer-root MuiDrawer-anchorLeft MuiDrawer-docked css-17tm3pi-MuiDrawer-docked"
    >
      <div
        class="MuiPaper-root MuiPaper-elevation MuiPaper-elevation0 MuiDrawer-paper MuiDrawer-paperAnchorLeft MuiDrawer-paperAnchorDockedLeft css-1lwhjos-MuiPaper-root-MuiDrawer-paper"
        style="--Paper-shadow: none; visibility: hidden; webkit-transform: translateX(-0px); transform: translateX(-0px);"
      >
        <div
          class="MuiStack-root css-ioj9fa-MuiStack-root"
        >
          <div
            class="MuiBox-root css-0"
            role="presentation"
          >
            <div
              class="MuiToolbar-root MuiToolbar-gutters MuiToolbar-regular css-t4299j-MuiToolbar-root"
            />
            <div
              class="MuiToolbar-root MuiToolbar-gutters MuiToolbar-regular css-t4299j-MuiToolbar-root"
            />
            <div
              class="MuiStack-root css-6ehs1v-MuiStack-root"
            >
              <h3
                class="MuiTypography-root MuiTypography-h3 css-wariq0-MuiTypography-root"
              >
                Filter
              </h3>
              <button
                aria-label="close-filter-drawer"
                class="MuiButtonBase-root MuiIconButton-root MuiIconButton-sizeMedium css-40ya9y-MuiButtonBase-root-MuiIconButton-root"
                tabindex="0"
                type="button"
              >
                <svg
                  aria-hidden="true"
                  class="MuiSvgIcon-root MuiSvgIcon-fontSizeMedium css-1umw9bq-MuiSvgIcon-root"
                  data-testid="CloseIcon"
                  focusable="false"
                  viewBox="0 0 24 24"
                >
                  <path
                    d="M19 6.41 17.59 5 12 10.59 6.41 5 5 6.41 10.59 12 5 17.59 6.41 19 12 13.41 17.59 19 19 17.59 13.41 12z"
                  />
                </svg>
              </button>
            </div>
            <div
              class="MuiBox-root css-shhb4o"
            >
              <div
                class="MuiAutocomplete-root MuiAutocomplete-hasPopupIcon css-1tlcqt-MuiAutocomplete-root"
              >
                <div
                  class="MuiFormControl-root MuiFormControl-fullWidth MuiTextField-root css-cmpglg-MuiFormControl-root-MuiTextField-root"
                >
                  <label
                    class="MuiFormLabel-root MuiInputLabel-root MuiInputLabel-formControl MuiInputLabel-animated MuiInputLabel-shrink MuiInputLabel-outlined MuiFormLabel-colorPrimary Mui-disabled MuiFormLabel-filled MuiInputLabel-root MuiInputLabel-formControl MuiInputLabel-animated MuiInputLabel-shrink MuiInputLabel-outlined css-n7ilwy-MuiFormLabel-root-MuiInputLabel-root"
                    data-shrink="true"
                    for=":r3:"
                    id=":r3:-label"
                  >
                    Region
                  </label>
                  <div
                    class="MuiInputBase-root MuiOutlinedInput-root MuiInputBase-colorPrimary Mui-disabled MuiInputBase-fullWidth MuiInputBase-formControl MuiInputBase-adornedEnd MuiAutocomplete-inputRoot css-112gndx-MuiInputBase-root-MuiOutlinedInput-root"
                  >
                    <input
                      aria-autocomplete="list"
                      aria-expanded="false"
                      aria-invalid="false"
                      autocapitalize="none"
                      autocomplete="off"
                      class="MuiInputBase-input MuiOutlinedInput-input Mui-disabled MuiInputBase-inputAdornedEnd MuiAutocomplete-input MuiAutocomplete-inputFocused css-1dune0f-MuiInputBase-input-MuiOutlinedInput-input"
                      disabled=""
                      id=":r3:"
                      placeholder=""
                      role="combobox"
                      spellcheck="false"
                      type="text"
                      value="Region 1234"
                    />
                    <div
                      class="MuiAutocomplete-endAdornment css-1uhhrmm-MuiAutocomplete-endAdornment"
                    >
                      <button
                        aria-label="Open"
                        class="MuiButtonBase-root Mui-disabled MuiIconButton-root Mui-disabled MuiIconButton-sizeMedium MuiAutocomplete-popupIndicator css-synw37-MuiButtonBase-root-MuiIconButton-root-MuiAutocomplete-popupIndicator"
                        disabled=""
                        tabindex="-1"
                        title="Open"
                        type="button"
                      >
                        <svg
                          aria-hidden="true"
                          class="MuiSvgIcon-root MuiSvgIcon-fontSizeMedium css-1umw9bq-MuiSvgIcon-root"
                          data-testid="ArrowDropDownIcon"
                          focusable="false"
                          viewBox="0 0 24 24"
                        >
                          <path
                            d="M7 10l5 5 5-5z"
                          />
                        </svg>
                      </button>
                    </div>
                    <fieldset
                      aria-hidden="true"
                      class="MuiOutlinedInput-notchedOutline css-1ll44ll-MuiOutlinedInput-notchedOutline"
                    >
                      <legend
                        class="css-w1u3ce"
                      >
                        <span>
                          Region
                        </span>
                      </legend>
                    </fieldset>
                  </div>
                </div>
              </div>
            </div>
            <div
              class="MuiBox-root css-19midj6"
            >
              <div
                class="MuiAutocomplete-root MuiAutocomplete-hasPopupIcon css-1tlcqt-MuiAutocomplete-root"
              >
                <div
                  class="MuiFormControl-root MuiFormControl-fullWidth MuiTextField-root css-cmpglg-MuiFormControl-root-MuiTextField-root"
                >
                  <label
                    class="MuiFormLabel-root MuiInputLabel-root MuiInputLabel-formControl MuiInputLabel-animated MuiInputLabel-outlined MuiFormLabel-colorPrimary Mui-disabled MuiInputLabel-root MuiInputLabel-formControl MuiInputLabel-animated MuiInputLabel-outlined css-8b3bn2-MuiFormLabel-root-MuiInputLabel-root"
                    data-shrink="false"
                    for=":r6:"
                    id=":r6:-label"
                  >
                    Organization
                  </label>
                  <div
                    class="MuiInputBase-root MuiOutlinedInput-root MuiInputBase-colorPrimary Mui-disabled MuiInputBase-fullWidth MuiInputBase-formControl MuiInputBase-adornedEnd MuiAutocomplete-inputRoot css-112gndx-MuiInputBase-root-MuiOutlinedInput-root"
                  >
                    <input
                      aria-autocomplete="list"
                      aria-expanded="false"
                      aria-invalid="false"
                      autocapitalize="none"
                      autocomplete="off"
                      class="MuiInputBase-input MuiOutlinedInput-input Mui-disabled MuiInputBase-inputAdornedEnd MuiAutocomplete-input MuiAutocomplete-inputFocused css-1dune0f-MuiInputBase-input-MuiOutlinedInput-input"
                      disabled=""
                      id=":r6:"
                      placeholder="Search Organizations"
                      role="combobox"
                      spellcheck="false"
                      type="text"
                      value=""
                    />
                    <div
                      class="MuiAutocomplete-endAdornment css-1uhhrmm-MuiAutocomplete-endAdornment"
                    >
                      <button
                        aria-label="Open"
                        class="MuiButtonBase-root Mui-disabled MuiIconButton-root Mui-disabled MuiIconButton-sizeMedium MuiAutocomplete-popupIndicator css-synw37-MuiButtonBase-root-MuiIconButton-root-MuiAutocomplete-popupIndicator"
                        disabled=""
                        tabindex="-1"
                        title="Open"
                        type="button"
                      >
                        <svg
                          aria-hidden="true"
                          class="MuiSvgIcon-root MuiSvgIcon-fontSizeMedium css-1umw9bq-MuiSvgIcon-root"
                          data-testid="ArrowDropDownIcon"
                          focusable="false"
                          viewBox="0 0 24 24"
                        >
                          <path
                            d="M7 10l5 5 5-5z"
                          />
                        </svg>
                      </button>
                    </div>
                    <fieldset
                      aria-hidden="true"
                      class="MuiOutlinedInput-notchedOutline css-1ll44ll-MuiOutlinedInput-notchedOutline"
                    >
                      <legend
                        class="css-81qg8w"
                      >
                        <span>
                          Organization
                        </span>
                      </legend>
                    </fieldset>
                  </div>
                </div>
              </div>
            </div>
          </div>
        </div>
      </div>
    </div>
  </main>
</DocumentFragment>
`;
