// Vitest Snapshot v1, https://vitest.dev/guide/snapshot.html

exports[`Vulnerabilities component > Vulnerabilities component > matches snapshot 1`] = `
<div
  class="MuiBox-root css-ktvys1"
>
  <div
    class="MuiBox-root css-i1j6bj"
  >
    <div
      class="MuiBox-root css-rm9e7r"
    >
      <div
        class="MuiBox-root css-5zdo5i"
      >
        <div
          class="MuiBox-root css-70qvj9"
        >
          <h2
            class="MuiTypography-root MuiTypography-h1 css-lug4v-MuiTypography-root"
          >
            Findings Library
          </h2>
          <button
            aria-label="More information about Findings Library"
            class="MuiButtonBase-root MuiIconButton-root MuiIconButton-sizeMedium css-dgn0ka-MuiButtonBase-root-MuiIconButton-root"
            data-mui-internal-clone-element="true"
            tabindex="0"
            type="button"
          >
            <svg
              aria-hidden="true"
              class="MuiSvgIcon-root MuiSvgIcon-fontSizeMedium css-7iuo17-MuiSvgIcon-root"
              data-testid="InfoOutlinedIcon"
              focusable="false"
              viewBox="0 0 24 24"
            >
              <path
                d="M11 7h2v2h-2zm0 4h2v6h-2zm1-9C6.48 2 2 6.48 2 12s4.48 10 10 10 10-4.48 10-10S17.52 2 12 2m0 18c-4.41 0-8-3.59-8-8s3.59-8 8-8 8 3.59 8 8-3.59 8-8 8"
              />
            </svg>
          </button>
        </div>
      </div>
    </div>
    <div
      class="MuiTabs-root css-1hg2dns-MuiTabs-root"
    >
      <div
        class="MuiTabs-scroller MuiTabs-fixed css-s2t35c-MuiTabs-scroller"
        style="overflow: hidden; margin-bottom: 0px;"
      >
        <div
          aria-label="Findings section tabs"
          class="MuiTabs-list MuiTabs-flexContainer css-hzcega-MuiTabs-list"
          role="tablist"
        >
          <button
            aria-controls="tabpanel-/inventory"
            aria-selected="false"
            class="MuiButtonBase-root MuiTab-root MuiTab-textColorPrimary css-13wcy1-MuiButtonBase-root-MuiTab-root"
            id="tab-/inventory"
            role="tab"
            tabindex="0"
            type="button"
          >
            Search Results
          </button>
          <button
            aria-controls="tabpanel-/inventory/domains"
            aria-selected="false"
            class="MuiButtonBase-root MuiTab-root MuiTab-textColorPrimary css-13wcy1-MuiButtonBase-root-MuiTab-root"
            id="tab-/inventory/domains"
            role="tab"
            tabindex="-1"
            type="button"
          >
            Domains
          </button>
          <button
            aria-controls="tabpanel-/inventory/vulnerabilities"
            aria-selected="false"
            class="MuiButtonBase-root MuiTab-root MuiTab-textColorPrimary css-13wcy1-MuiButtonBase-root-MuiTab-root"
            id="tab-/inventory/vulnerabilities"
            role="tab"
            tabindex="-1"
            type="button"
          >
            Vulnerabilities
          </button>
        </div>
        <span
          class="MuiTabs-indicator css-19tjs4o-MuiTabs-indicator"
          style="left: 0px; width: 0px;"
        />
      </div>
    </div>
  </div>
  <div
    class="MuiBox-root css-1w2fuoe"
  >
    <div
      class="MuiPaper-root MuiPaper-elevation MuiPaper-rounded MuiPaper-elevation2 css-1gtchvp-MuiPaper-root"
      style="--Paper-shadow: 0px 3px 1px -2px rgba(0,0,0,0.2),0px 2px 2px 0px rgba(0,0,0,0.14),0px 1px 5px 0px rgba(0,0,0,0.12);"
    >
      <div
        class="MuiPaper-root MuiPaper-elevation MuiPaper-rounded MuiPaper-elevation0 MuiAlert-root MuiAlert-colorInfo MuiAlert-standardInfo MuiAlert-standard css-172si4r-MuiPaper-root-MuiAlert-root"
        role="alert"
        style="--Paper-shadow: none;"
      >
        <div
          class="MuiAlert-icon css-vab54s-MuiAlert-icon"
        >
          <svg
            aria-hidden="true"
            class="MuiSvgIcon-root MuiSvgIcon-fontSizeInherit css-1ckov0h-MuiSvgIcon-root"
            data-testid="InfoOutlinedIcon"
            focusable="false"
            viewBox="0 0 24 24"
          >
            <path
              d="M11,9H13V7H11M12,20C7.59,20 4,16.41 4,12C4,7.59 7.59,4 12,4C16.41,4 20,7.59 20, 12C20,16.41 16.41,20 12,20M12,2A10,10 0 0,0 2,12A10,10 0 0,0 12,22A10,10 0 0,0 22,12A10, 10 0 0,0 12,2M11,17H13V11H11V17Z"
            />
          </svg>
        </div>
        <div
          class="MuiAlert-message css-zioonp-MuiAlert-message"
        >
          Loading Vulnerabilities..
        </div>
      </div>
    </div>
  </div>
</div>
`;

exports[`Vulnerabilities component > matches snapshot 1`] = `
<div
  class="MuiBox-root css-ktvys1"
>
  <div
    class="MuiBox-root css-i1j6bj"
  >
    <div
      class="MuiBox-root css-rm9e7r"
    >
      <div
        class="MuiBox-root css-5zdo5i"
      >
        <div
          class="MuiBox-root css-70qvj9"
        >
          <h2
            class="MuiTypography-root MuiTypography-h1 css-lug4v-MuiTypography-root"
          >
            Findings Library
          </h2>
          <button
            aria-label="More information about Findings Library"
            class="MuiButtonBase-root MuiIconButton-root MuiIconButton-sizeMedium css-dgn0ka-MuiButtonBase-root-MuiIconButton-root"
            data-mui-internal-clone-element="true"
            tabindex="0"
            type="button"
          >
            <svg
              aria-hidden="true"
              class="MuiSvgIcon-root MuiSvgIcon-fontSizeMedium css-7iuo17-MuiSvgIcon-root"
              data-testid="InfoOutlinedIcon"
              focusable="false"
              viewBox="0 0 24 24"
            >
              <path
                d="M11 7h2v2h-2zm0 4h2v6h-2zm1-9C6.48 2 2 6.48 2 12s4.48 10 10 10 10-4.48 10-10S17.52 2 12 2m0 18c-4.41 0-8-3.59-8-8s3.59-8 8-8 8 3.59 8 8-3.59 8-8 8"
              />
            </svg>
          </button>
        </div>
      </div>
    </div>
    <div
      class="MuiTabs-root css-1hg2dns-MuiTabs-root"
    >
      <div
        class="MuiTabs-scroller MuiTabs-fixed css-s2t35c-MuiTabs-scroller"
        style="overflow: hidden; margin-bottom: 0px;"
      >
        <div
          aria-label="Findings section tabs"
          class="MuiTabs-list MuiTabs-flexContainer css-hzcega-MuiTabs-list"
          role="tablist"
        >
          <button
            aria-controls="tabpanel-/inventory"
            aria-selected="false"
            class="MuiButtonBase-root MuiTab-root MuiTab-textColorPrimary css-13wcy1-MuiButtonBase-root-MuiTab-root"
            id="tab-/inventory"
            role="tab"
            tabindex="0"
            type="button"
          >
            Search Results
          </button>
          <button
            aria-controls="tabpanel-/inventory/domains"
            aria-selected="false"
            class="MuiButtonBase-root MuiTab-root MuiTab-textColorPrimary css-13wcy1-MuiButtonBase-root-MuiTab-root"
            id="tab-/inventory/domains"
            role="tab"
            tabindex="-1"
            type="button"
          >
            Domains
          </button>
          <button
            aria-controls="tabpanel-/inventory/vulnerabilities"
            aria-selected="false"
            class="MuiButtonBase-root MuiTab-root MuiTab-textColorPrimary css-13wcy1-MuiButtonBase-root-MuiTab-root"
            id="tab-/inventory/vulnerabilities"
            role="tab"
            tabindex="-1"
            type="button"
          >
            Vulnerabilities
          </button>
        </div>
        <span
          class="MuiTabs-indicator css-19tjs4o-MuiTabs-indicator"
          style="left: 0px; width: 0px;"
        />
      </div>
    </div>
  </div>
  <div
    class="MuiBox-root css-1w2fuoe"
  >
    <div
      class="MuiPaper-root MuiPaper-elevation MuiPaper-rounded MuiPaper-elevation2 css-1gtchvp-MuiPaper-root"
      style="--Paper-shadow: 0px 3px 1px -2px rgba(0,0,0,0.2),0px 2px 2px 0px rgba(0,0,0,0.14),0px 1px 5px 0px rgba(0,0,0,0.12);"
    >
      <div
        class="MuiPaper-root MuiPaper-elevation MuiPaper-rounded MuiPaper-elevation0 MuiAlert-root MuiAlert-colorInfo MuiAlert-standardInfo MuiAlert-standard css-172si4r-MuiPaper-root-MuiAlert-root"
        role="alert"
        style="--Paper-shadow: none;"
      >
        <div
          class="MuiAlert-icon css-vab54s-MuiAlert-icon"
        >
          <svg
            aria-hidden="true"
            class="MuiSvgIcon-root MuiSvgIcon-fontSizeInherit css-1ckov0h-MuiSvgIcon-root"
            data-testid="InfoOutlinedIcon"
            focusable="false"
            viewBox="0 0 24 24"
          >
            <path
              d="M11,9H13V7H11M12,20C7.59,20 4,16.41 4,12C4,7.59 7.59,4 12,4C16.41,4 20,7.59 20, 12C20,16.41 16.41,20 12,20M12,2A10,10 0 0,0 2,12A10,10 0 0,0 12,22A10,10 0 0,0 22,12A10, 10 0 0,0 12,2M11,17H13V11H11V17Z"
            />
          </svg>
        </div>
        <div
          class="MuiAlert-message css-zioonp-MuiAlert-message"
        >
          Loading Vulnerabilities..
        </div>
      </div>
    </div>
  </div>
</div>
`;
